2026-04-22 20:53:06,628:WARNING:
'cuml' is a soft dependency and not included in the pycaret installation. Please run: `pip install cuml` to install.
2026-04-22 20:53:06,630:WARNING:
'cuml' is a soft dependency and not included in the pycaret installation. Please run: `pip install cuml` to install.
2026-04-22 20:53:06,630:WARNING:
'cuml' is a soft dependency and not included in the pycaret installation. Please run: `pip install cuml` to install.
2026-04-22 20:53:06,630:WARNING:
'cuml' is a soft dependency and not included in the pycaret installation. Please run: `pip install cuml` to install.
2026-04-22 20:53:12,201:INFO:Initializing load_model()
2026-04-22 20:53:12,201:INFO:load_model(model_name=C:\Users\emigo\OneDrive\Documentos\Servicio Social\clasificador-ac\pcg_processing\classification\..\..\models\modelo_pcg_final, platform=None, authentication=None, verbose=True)
2026-04-22 20:53:22,658:INFO:Initializing predict_model()
2026-04-22 20:53:22,658:INFO:predict_model(self=<pycaret.classification.oop.ClassificationExperiment object at 0x000001F0391CA790>, estimator=Pipeline(memory=Memory(location=None),
         steps=[('numerical_imputer',
                 TransformerWrapper(include=['MFCC_1', 'MFCC_2', 'MFCC_3',
                                             'MFCC_4', 'MFCC_5', 'MFCC_6',
                                             'MFCC_7', 'MFCC_8', 'MFCC_9',
                                             'MFCC_10', 'MFCC_11', 'MFCC_12',
                                             'MFCC_13', 'RMS'],
                                    transformer=SimpleImputer())),
                ('categorical_imputer',
                 TransformerWrapper(include=[],
                                    transformer=SimpleImputer(strategy='most_frequent'))),
                ('trained_model',
                 LogisticRegression(max_iter=1000, random_state=123))]), probability_threshold=None, encoded_labels=False, raw_score=False, round=4, verbose=True, ml_usecase=None, preprocess=True, encode_labels=<function _SupervisedExperiment.predict_model.<locals>.encode_labels at 0x000001F0384253A0>)
2026-04-22 20:53:22,658:INFO:Checking exceptions
2026-04-22 20:53:22,658:INFO:Preloading libraries
2026-04-22 20:53:22,663:INFO:Set up data.
2026-04-22 20:53:22,675:INFO:Set up index.
2026-04-22 20:54:34,480:WARNING:
'cuml' is a soft dependency and not included in the pycaret installation. Please run: `pip install cuml` to install.
2026-04-22 20:54:34,480:WARNING:
'cuml' is a soft dependency and not included in the pycaret installation. Please run: `pip install cuml` to install.
2026-04-22 20:54:34,480:WARNING:
'cuml' is a soft dependency and not included in the pycaret installation. Please run: `pip install cuml` to install.
2026-04-22 20:54:34,480:WARNING:
'cuml' is a soft dependency and not included in the pycaret installation. Please run: `pip install cuml` to install.
2026-04-22 20:54:36,397:INFO:Initializing load_model()
2026-04-22 20:54:36,397:INFO:load_model(model_name=C:\Users\emigo\OneDrive\Documentos\Servicio Social\clasificador-ac\pcg_processing\classification\..\..\models\modelo_pcg_final, platform=None, authentication=None, verbose=True)
2026-04-22 20:54:41,967:INFO:Initializing predict_model()
2026-04-22 20:54:41,967:INFO:predict_model(self=<pycaret.classification.oop.ClassificationExperiment object at 0x000002617CF67BD0>, estimator=Pipeline(memory=Memory(location=None),
         steps=[('numerical_imputer',
                 TransformerWrapper(include=['MFCC_1', 'MFCC_2', 'MFCC_3',
                                             'MFCC_4', 'MFCC_5', 'MFCC_6',
                                             'MFCC_7', 'MFCC_8', 'MFCC_9',
                                             'MFCC_10', 'MFCC_11', 'MFCC_12',
                                             'MFCC_13', 'RMS'],
                                    transformer=SimpleImputer())),
                ('categorical_imputer',
                 TransformerWrapper(include=[],
                                    transformer=SimpleImputer(strategy='most_frequent'))),
                ('trained_model',
                 LogisticRegression(max_iter=1000, random_state=123))]), probability_threshold=None, encoded_labels=False, raw_score=False, round=4, verbose=True, ml_usecase=None, preprocess=True, encode_labels=<function _SupervisedExperiment.predict_model.<locals>.encode_labels at 0x000002617C1C53A0>)
2026-04-22 20:54:41,967:INFO:Checking exceptions
2026-04-22 20:54:41,967:INFO:Preloading libraries
2026-04-22 20:54:41,967:INFO:Set up data.
2026-04-22 20:54:41,967:INFO:Set up index.
